// Jest Snapshot v1, https://goo.gl/fbAQLP

exports[`should validate snapshot 1`] = `
<div>
  <div
    class="card"
  >
    <img
      alt="Saitama"
    />
    <p>
      Saitama
       
    </p>
  </div>
</div>
`;
